../Core/Src/sd_functions.c:45:19:WAVFIL_Start_Write	96	static
../Core/Src/sd_functions.c:107:19:WAVFIL_Give_Write	2096	static
../Core/Src/sd_functions.c:187:19:WAVFIL_End_Write	8	static
../Core/Src/sd_functions.c:202:19:WAVFIL_Start_Read	80	static
../Core/Src/sd_functions.c:264:19:WAVFIL_Catch_Data	2096	static
../Core/Src/sd_functions.c:332:19:WAVFIL_End_Read	8	static
../Core/Src/sd_functions.c:397:5:sd_format	536	static
../Core/Src/sd_functions.c:408:5:sd_get_space_kb	40	static
../Core/Src/sd_functions.c:422:5:sd_mount	16	static
../Core/Src/sd_functions.c:475:5:sd_unmount	16	static
../Core/Src/sd_functions.c:481:5:sd_write_file	592	static
../Core/Src/sd_functions.c:493:5:sd_append_file	592	static
../Core/Src/sd_functions.c:511:5:sd_read_file	600	static
../Core/Src/sd_functions.c:540:5:sd_read_csv	744	static
../Core/Src/sd_functions.c:582:5:sd_delete_file	24	static
../Core/Src/sd_functions.c:588:5:sd_rename_file	24	static
../Core/Src/sd_functions.c:594:9:sd_create_directory	24	static
../Core/Src/sd_functions.c:600:6:sd_list_directory_recursive	496	static
../Core/Src/sd_functions.c:630:6:sd_list_files	8	static
