../Core/Src/sd_functions.c:46:19:WAVFIL_Start_Write	96	static
../Core/Src/sd_functions.c:108:19:WAVFIL_Give_Write	2104	static
../Core/Src/sd_functions.c:188:19:WAVFIL_End_Write	8	static
../Core/Src/sd_functions.c:203:19:WAVFIL_Start_Read	80	static
../Core/Src/sd_functions.c:265:19:WAVFIL_Catch_Data	2104	static
../Core/Src/sd_functions.c:334:19:WAVFIL_End_Read	8	static
../Core/Src/sd_functions.c:399:5:sd_format	536	static
../Core/Src/sd_functions.c:410:5:sd_get_space_kb	40	static
../Core/Src/sd_functions.c:424:5:sd_mount	16	static
../Core/Src/sd_functions.c:477:5:sd_unmount	16	static
../Core/Src/sd_functions.c:483:5:sd_write_file	592	static
../Core/Src/sd_functions.c:495:5:sd_append_file	592	static
../Core/Src/sd_functions.c:513:5:sd_read_file	600	static
../Core/Src/sd_functions.c:542:5:sd_read_csv	744	static
../Core/Src/sd_functions.c:584:5:sd_delete_file	24	static
../Core/Src/sd_functions.c:590:5:sd_rename_file	24	static
../Core/Src/sd_functions.c:596:9:sd_create_directory	24	static
../Core/Src/sd_functions.c:602:6:sd_list_directory_recursive	496	static
../Core/Src/sd_functions.c:632:6:sd_list_files	8	static
